iwmap 4
"script_startingnumber" 0
"000_Global" flags  active
"The Map" flags expanded 
// entity 0
{
guid "{6BA72F09-1423-11E8-AD1B-D850E65B66FC}"
"classname" "worldspawn"
"lightingquality" "1024"
"samplescale" "1"
"skyboxmodel" "skybox_default_day"
"ssi" "default_day"
"wsi" "default_day"
"fsi" "default"
"gravity" "800"
"lodbias" "default"
"lutmaterial" "luts_t7_default"
"numOmniShadowSlices" "24"
"numSpotShadowSlices" "64"
"sky_intensity_factor0" "1"
"sky_intensity_factor1" "1"
"state_alias_1" "State 1"
"state_alias_2" "State 2"
"state_alias_3" "State 3"
"state_alias_4" "State 4"
}
// entity 1
{
guid "{6BA72F0A-1423-11E8-AD1B-D850E65B66FC}"
"classname" "script_struct"
"origin" "-0.5 -30.5 0"
"targetname" "auto2"
"_color" "1 0 0"
}
// entity 2
{
guid "{E3BA052A-EF99-11E6-9C1A-D850E65B66FC}"
"classname" "light"
"NO_CULL" "1"
"PRIMARY_NOSHADOWMAP" "0"
"PRIMARY_TYPE" "PRIMARY_SPOT"
"angles" "360 180 -90"
"cut_on" "4"
"far_edge" "0.349999994039536"
"fov_outer" "105"
"name" "light_001"
"origin" "0 3.5 41"
"ortho_effect" "0.150000002235174"
"radius" "16"
"spec_comp" "-8"
"stops" "3"
"superellipse" "0.31 0.48 1 1"
"ENABLE_FALLOFF" "1"
"_color" "1 1 1"
"bake_intensity_scale" "1"
"client_server" "ClientSide"
"def_tile" "1 1"
"excludeDedicated" "Off"
"falloffdistance" "12"
"lightingstate1" "1"
"lightingstate2" "1"
"lightingstate3" "1"
"lightingstate4" "1"
"penumbraRadius" "1.5"
"roundness" "0.5"
"shadowUpdate" "Never"
"shadowmapScale" "1"
"volumetricSampleCount" "8"
"spawnflags" "68"
}
// entity 3
{
guid "{6BA72F0B-1423-11E8-AD1B-D850E65B66FC}"
"classname" "script_model"
"model" "zgrimm_soultrap_pistons"
"origin" "0 2 0"
"targetname" "auto2"
"_color" "1 0 0"
"client_server" "ServerSide"
"lightingstate1" "1"
"lightingstate2" "1"
"lightingstate3" "1"
"lightingstate4" "1"
"modelscale" "1"
"shadow_casting" "1"
}
// entity 4
{
guid "{4844D8BE-EF98-11E6-9C1A-D850E65B66FC}"
"classname" "light"
"NO_CULL" "1"
"PRIMARY_NOSHADOWMAP" "0"
"PRIMARY_TYPE" "PRIMARY_SPOT"
"angles" "360 180 -90"
"cut_on" "5"
"far_edge" "0.749999997019768"
"fov_outer" "113"
"origin" "-0.5 -11.44 13.5"
"ortho_effect" "0.150000002235174"
"radius" "8"
"spec_comp" "-8"
"stops" "7"
"superellipse" "0.31 0.94 1 1"
"ENABLE_FALLOFF" "1"
"_color" "1 1 1"
"bake_intensity_scale" "1"
"client_server" "ClientSide"
"def_tile" "1 1"
"excludeDedicated" "Off"
"falloffdistance" "12"
"lightingstate1" "1"
"lightingstate2" "1"
"lightingstate3" "1"
"lightingstate4" "1"
"name" "light"
"penumbraRadius" "1.5"
"roundness" "0.5"
"shadowUpdate" "Never"
"shadowmapScale" "1"
"volumetricSampleCount" "8"
"spawnflags" "68"
}
// entity 5
{
guid "{6BA72F0C-1423-11E8-AD1B-D850E65B66FC}"
"classname" "script_model"
"model" "zgrimm_soultrap_body"
"origin" "0 2 0"
"target" "auto2"
"targetname" "souled_out"
"_color" "1 0 0"
"client_server" "ServerSide"
"lightingstate1" "1"
"lightingstate2" "1"
"lightingstate3" "1"
"lightingstate4" "1"
"modelscale" "1"
"shadow_casting" "1"
}
// entity 6
{
guid "{BD115BCB-143D-11E8-AD1B-D850E65B66FC}"
"classname" "misc_prefab"
"model" "_prefabs/souled_out/soul_caps.map"
"origin" "0 1.5 0"
}
